<?xml version="1.0" encoding="UTF-8"?>
<testsuites name="jest tests" tests="2" failures="0" errors="0" time="2.543">
  <testsuite name="undefined" errors="0" failures="0" skipped="0" timestamp="2021-01-19T15:20:50" time="2.139" tests="2">
    <testcase classname=" simple tabs" name=" simple tabs" time="0.012">
    </testcase>
    <testcase classname=" simple with preselection" name=" simple with preselection" time="0.003">
    </testcase>
  </testsuite>
</testsuites>